******************************************************************************
               TMS320C6x Linker PC v7.2.3                      
******************************************************************************
>> Linked Fri Feb 02 11:59:21 2018

OUTPUT FILE NAME:   <RingModLab.out>
ENTRY POINT SYMBOL: "_c_int00"  address: 00003940


MEMORY CONFIGURATION

         name            origin    length      used     unused   attr    fill
----------------------  --------  ---------  --------  --------  ----  --------
  IVECS                 00000000   00000220  00000200  00000020  RWIX
  IRAM                  00000220   0002fde0  00004b7c  0002b264  RWIX
  SDRAM                 80000000   00100000  00000000  00100000  RWIX
  FLASH                 90000000   00020000  00000000  00020000  RWIX


SECTION ALLOCATION MAP

 output                                  attributes/
section   page    origin      length       input sections
--------  ----  ----------  ----------   ----------------
.vecs      0    00000000    00000200     
                  00000000    00000200     Vectors_intr.obj (.vecs)

.text      0    00000220    00003ae0     
                  00000220    000007e0     rts6700.lib : divd.obj (.text:__divd)
                  00000a00    000007a0     c6713dskinit.obj (.text)
                  000011a0    00000480     dsk6713bsl.lib : dsk6713.obj (.text)
                  00001620    00000460     RingMod_Main.obj (.text:retain)
                  00001a80    00000340     rts6700.lib : frcmpyd_div.obj (.text:__frcmpyd_div)
                  00001dc0    00000320                 : sin.obj (.text:_sin)
                  000020e0    00000320     dsk6713bsl.lib : dsk6713_aic23_opencodec.obj (.text)
                  00002400    00000240     rts6700.lib : memcpy62.obj (.text:_memcpy)
                  00002640    000001c0     csl6713.lib : csl_irq.obj (.text:_IRQ_map)
                  00002800    000001a0                 : csl_mcbsp.obj (.text:_MCBSP_reset)
                  000029a0    000001a0     dsk6713bsl.lib : dsk6713_led.obj (.text)
                  00002b40    00000160     rts6700.lib : autoinit.obj (.text:__auto_init)
                  00002ca0    00000160     dsk6713bsl.lib : dsk6713_aic23_registers.obj (.text)
                  00002e00    00000140     RingMod_Main.obj (.text)
                  00002f40    00000120     rts6700.lib : divi.obj (.text:__divi)
                  00003060    00000120                 : exit.obj (.text:_exit)
                  00003180    00000100     csl6713.lib : csl_mcbsp.obj (.text:_MCBSP_open)
                  00003280    00000100                 : csl_mcbsp.obj (.text:_MCBSP_start)
                  00003380    000000e0     rts6700.lib : strasg.obj (.text:__strasg)
                  00003460    000000c0                 : round.obj (.text:__nround)
                  00003520    000000c0                 : cpy_tbl.obj (.text:_copy_in)
                  000035e0    000000c0                 : modf.obj (.text:_modf)
                  000036a0    000000c0     dsk6713bsl.lib : dsk6713_aic23_setfreq.obj (.text)
                  00003760    000000a0     csl6713.lib : csl_mcbsp.obj (.text:_MCBSP_config)
                  00003800    000000a0     rts6700.lib : mpyll.obj (.text:__mpyll)
                  000038a0    000000a0     csl6713.lib : csl_irq.obj (.text:_setMux)
                  00003940    00000080     rts6700.lib : boot.obj (.text:_c_int00)
                  000039c0    00000080     dsk6713bsl.lib : dsk6713_dip.obj (.text)
                  00003a40    00000040     csl6713.lib : csl_irq.obj (.text:_IRQ_enable)
                  00003a80    00000040                 : csl_irq.obj (.text:_IRQ_reset)
                  00003ac0    00000040     rts6700.lib : divd.obj (.text:___isnan)
                  00003b00    00000040                 : args_main.obj (.text:__args_main)
                  00003b40    00000040                 : trunc.obj (.text:__trunc)
                  00003b80    00000020     Vectors_intr.obj (.text)
                  00003ba0    00000020     csl6713.lib : csl_irq.obj (.text:_IRQ_globalDisable)
                  00003bc0    00000020                 : csl_irq.obj (.text:_IRQ_globalEnable)
                  00003be0    00000020                 : csl_irq.obj (.text:_IRQ_nmiEnable)
                  00003c00    00000020                 : csl_mcbsp.obj (.text:_MCBSP_getXmtEventId)
                  00003c20    00000020                 : csl_mcbsp.obj (.text:_MCBSP_read)
                  00003c40    00000020                 : csl_mcbsp.obj (.text:_MCBSP_rrdy)
                  00003c60    00000020                 : csl_mcbsp.obj (.text:_MCBSP_write)
                  00003c80    00000020                 : csl_mcbsp.obj (.text:_MCBSP_xrdy)
                  00003ca0    00000020     rts6700.lib : _lock.obj (.text:__nop)
                  00003cc0    00000020                 : exit.obj (.text:_abort)
                  00003ce0    00000020     csl6713.lib : csl_irq.obj (.text)

.bss       0    00000220    00000000     UNINITIALIZED

.far       0    00003d00    00000920     UNINITIALIZED
                  00003d00    000006f4     RingMod_Main.obj (.far)
                  000043f4    000000f4     csl6713.lib : csl_irq.obj (.far)
                  000044e8    00000058     c6713dskinit.obj (.far)
                  00004540    00000040     rts6700.lib : sin.obj (.far)
                  00004580    00000038     csl6713.lib : csl_mcbsp.obj (.far)
                  000045b8    00000028     dsk6713bsl.lib : dsk6713_aic23_registers.obj (.far)
                  000045e0    00000020                    : dsk6713_aic23_setfreq.obj (.far)
                  00004600    0000000c     rts6700.lib : exit.obj (.far)
                  0000460c    00000008     dsk6713bsl.lib : dsk6713_aic23_opencodec.obj (.far)
                  00004614    00000008     rts6700.lib : _lock.obj (.far)
                  0000461c    00000002     dsk6713bsl.lib : dsk6713.obj (.far)
                  0000461e    00000002                    : dsk6713_led.obj (.far)

.stack     0    00004620    00000400     UNINITIALIZED
                  00004620    00000008     rts6700.lib : boot.obj (.stack)
                  00004628    000003f8     --HOLE--

.cinit     0    00004a20    00000314     
                  00004a20    0000012c     csl6713.lib : csl_irq.obj (.cinit)
                  00004b4c    00000004     --HOLE-- [fill = 0]
                  00004b50    00000058     c6713dskinit.obj (.cinit)
                  00004ba8    00000054     csl6713.lib : csl_mcbsp.obj (.cinit)
                  00004bfc    00000004     --HOLE-- [fill = 0]
                  00004c00    00000048     rts6700.lib : sin.obj (.cinit)
                  00004c48    0000003c     RingMod_Main.obj (.cinit)
                  00004c84    00000004     --HOLE-- [fill = 0]
                  00004c88    00000030     dsk6713bsl.lib : dsk6713_aic23_registers.obj (.cinit)
                  00004cb8    0000002c     rts6700.lib : exit.obj (.cinit)
                  00004ce4    00000004     --HOLE-- [fill = 0]
                  00004ce8    00000028     dsk6713bsl.lib : dsk6713_aic23_setfreq.obj (.cinit)
                  00004d10    0000001c     rts6700.lib : _lock.obj (.cinit)
                  00004d2c    00000004     --HOLE-- [fill = 0]
                  00004d30    00000004     (.pad.cinit) [fill = 0]

.const     0    00004d34    00000068     
                  00004d34    00000040     dsk6713bsl.lib : dsk6713_aic23_opencodec.obj (.const)
                  00004d74    00000020                    : dsk6713.obj (.const)
                  00004d94    00000008     rts6700.lib : divd.obj (.const:_initial_approx$1)


GLOBAL SYMBOLS: SORTED ALPHABETICALLY BY Name 

address    name
--------   ----
00000220   $bss
00000220   .bss
00000220   .text
00003cc0   C$$EXIT
000044f4   _AIC23CfgData
000044e8   _AIC_data
0000460c   _DSK6713_AIC23_codeccontrolhandle
00004610   _DSK6713_AIC23_codecdatahandle
00002d60   _DSK6713_AIC23_config
000020e0   _DSK6713_AIC23_openCodec
00002d3c   _DSK6713_AIC23_rget
00002ca0   _DSK6713_AIC23_rset
000036a0   _DSK6713_AIC23_setFreq
000039c8   _DSK6713_DIP_get
000039c0   _DSK6713_DIP_init
000029a0   _DSK6713_LED_init
000029c8   _DSK6713_LED_off
00002a24   _DSK6713_LED_on
00002a80   _DSK6713_LED_toggle
000015b4   _DSK6713_getVersion
000011ec   _DSK6713_init
00001508   _DSK6713_rget
0000151c   _DSK6713_rset
0000461c   _DSK6713_version
00001530   _DSK6713_wait
00001588   _DSK6713_waitusec
00003a40   _IRQ_enable
00003ba0   _IRQ_globalDisable
00003bc0   _IRQ_globalEnable
00002640   _IRQ_map
00003be0   _IRQ_nmiEnable
00003a80   _IRQ_reset
00003760   _MCBSP_config
00003c00   _MCBSP_getXmtEventId
00003180   _MCBSP_open
00003c20   _MCBSP_read
00002800   _MCBSP_reset
00003c40   _MCBSP_rrdy
00003280   _MCBSP_start
00003c60   _MCBSP_write
00003c80   _MCBSP_xrdy
000044e0   __IRQ_dispatchTable
0000441c   __IRQ_eventTable
00003ce0   __IRQ_hookFetchPacket
000044a0   __IRQ_intTable
000045b0   __MCBSP_hDev0
000045b4   __MCBSP_hDev1
00004a20   __STACK_END
00000400   __STACK_SIZE
00000001   __TI_args_main
00004608   ___TI_enable_exit_profile_output
ffffffff   ___TI_pprof_out_hndl
ffffffff   ___TI_prof_data_size
ffffffff   ___TI_prof_data_start
ffffffff   ___binit__
00000220   ___bss__
ffffffff   ___c_args__
00004a20   ___cinit__
00000220   ___end__
00003d00   ___etext__
ffffffff   ___pinit__
00000220   ___text__
00003b00   __args_main
00002b40   __auto_init
00002f40   __c6xabi_divi
00004600   __cleanup_ptr
00000220   __divd
00002f40   __divi
00004604   __dtors_ptr
00001a80   __frcmpyd_div
00004614   __lock
00003800   __mpyll
00003ca0   __nop
00003460   __nround
00004620   __stack
00003380   __strasg
00003b40   __trunc
00004618   __unlock
00003cc0   _abort
00000a00   _c6713_dsk_init
00003940   _c_int00
00001620   _c_int11
00000af8   _comm_intr
00000ac4   _comm_poll
00004514   _config
00003520   _copy_in
00003060   _exit
00003d00   _fs
00002e00   _gen_sine_table
0000453c   _hAIC23_handle
00001000   _input_left_sample
000010c8   _input_right_sample
00000efc   _input_sample
00003d04   _ledtime
00003d0c   _loadtime
00002ee4   _main
00002400   _memcpy
000035e0   _modf
00000d3c   _output_left_sample
00000e1c   _output_right_sample
00000c24   _output_sample
00001dc0   _sin
00003d10   _sine_tab
00003d08   _sinetime
00000020   _vector1
00000140   _vector10
00000180   _vector12
000001a0   _vector13
000001c0   _vector14
000001e0   _vector15
00000040   _vector2
00000060   _vector3
00000080   _vector4
000000a0   _vector5
000000c0   _vector6
000000e0   _vector7
00000100   _vector8
00000120   _vector9
00000000   _vectors
ffffffff   binit
00004a20   cinit
00000220   end
00003d00   etext
ffffffff   pinit


GLOBAL SYMBOLS: SORTED BY Symbol Address 

address    name
--------   ----
00000000   _vectors
00000001   __TI_args_main
00000020   _vector1
00000040   _vector2
00000060   _vector3
00000080   _vector4
000000a0   _vector5
000000c0   _vector6
000000e0   _vector7
00000100   _vector8
00000120   _vector9
00000140   _vector10
00000180   _vector12
000001a0   _vector13
000001c0   _vector14
000001e0   _vector15
00000220   $bss
00000220   .bss
00000220   .text
00000220   ___bss__
00000220   ___end__
00000220   ___text__
00000220   __divd
00000220   end
00000400   __STACK_SIZE
00000a00   _c6713_dsk_init
00000ac4   _comm_poll
00000af8   _comm_intr
00000c24   _output_sample
00000d3c   _output_left_sample
00000e1c   _output_right_sample
00000efc   _input_sample
00001000   _input_left_sample
000010c8   _input_right_sample
000011ec   _DSK6713_init
00001508   _DSK6713_rget
0000151c   _DSK6713_rset
00001530   _DSK6713_wait
00001588   _DSK6713_waitusec
000015b4   _DSK6713_getVersion
00001620   _c_int11
00001a80   __frcmpyd_div
00001dc0   _sin
000020e0   _DSK6713_AIC23_openCodec
00002400   _memcpy
00002640   _IRQ_map
00002800   _MCBSP_reset
000029a0   _DSK6713_LED_init
000029c8   _DSK6713_LED_off
00002a24   _DSK6713_LED_on
00002a80   _DSK6713_LED_toggle
00002b40   __auto_init
00002ca0   _DSK6713_AIC23_rset
00002d3c   _DSK6713_AIC23_rget
00002d60   _DSK6713_AIC23_config
00002e00   _gen_sine_table
00002ee4   _main
00002f40   __c6xabi_divi
00002f40   __divi
00003060   _exit
00003180   _MCBSP_open
00003280   _MCBSP_start
00003380   __strasg
00003460   __nround
00003520   _copy_in
000035e0   _modf
000036a0   _DSK6713_AIC23_setFreq
00003760   _MCBSP_config
00003800   __mpyll
00003940   _c_int00
000039c0   _DSK6713_DIP_init
000039c8   _DSK6713_DIP_get
00003a40   _IRQ_enable
00003a80   _IRQ_reset
00003b00   __args_main
00003b40   __trunc
00003ba0   _IRQ_globalDisable
00003bc0   _IRQ_globalEnable
00003be0   _IRQ_nmiEnable
00003c00   _MCBSP_getXmtEventId
00003c20   _MCBSP_read
00003c40   _MCBSP_rrdy
00003c60   _MCBSP_write
00003c80   _MCBSP_xrdy
00003ca0   __nop
00003cc0   C$$EXIT
00003cc0   _abort
00003ce0   __IRQ_hookFetchPacket
00003d00   ___etext__
00003d00   _fs
00003d00   etext
00003d04   _ledtime
00003d08   _sinetime
00003d0c   _loadtime
00003d10   _sine_tab
0000441c   __IRQ_eventTable
000044a0   __IRQ_intTable
000044e0   __IRQ_dispatchTable
000044e8   _AIC_data
000044f4   _AIC23CfgData
00004514   _config
0000453c   _hAIC23_handle
000045b0   __MCBSP_hDev0
000045b4   __MCBSP_hDev1
00004600   __cleanup_ptr
00004604   __dtors_ptr
00004608   ___TI_enable_exit_profile_output
0000460c   _DSK6713_AIC23_codeccontrolhandle
00004610   _DSK6713_AIC23_codecdatahandle
00004614   __lock
00004618   __unlock
0000461c   _DSK6713_version
00004620   __stack
00004a20   __STACK_END
00004a20   ___cinit__
00004a20   cinit
ffffffff   ___TI_pprof_out_hndl
ffffffff   ___TI_prof_data_size
ffffffff   ___TI_prof_data_start
ffffffff   ___binit__
ffffffff   ___c_args__
ffffffff   ___pinit__
ffffffff   binit
ffffffff   pinit

[124 symbols]
